[
  {
    "Guid": "99999999-9999-9999-9999-999999999999",
    "Path": "\ClassLibraryCS\ClassLibraryCS.csproj"
  },
  {
    "Guid": "11111111-1111-1111-1111-111111111111",
    "Path": "\ConsoleApplicationCS\ConsoleApplicationCS.csproj"
  },
  {
    "Guid": "628A29CC-E572-40C4-8AEE-333D73D07404",
    "Path": "\ClassLibraryVB\ClassLibraryVB.vbproj"
  },
  {
    "Guid": "97AE33BD-7F0D-40AC-9964-A771771885DC",
    "Path": "\ConsoleApplicationVB\ConsoleApplicationVB.vbproj"
  },
  {
    "Guid": "18606457-FCF0-4D4E-BC5C-FB11D1230409",
    "Path": "\ConsoleApplicationFS\ConsoleApplicationFS.fsproj"
  },
  {
    "Guid": "1372F482-BCD4-4DDE-9B20-2999936AEEA1",
    "Path": "\WpfApplicationVB\WpfApplicationVB.vbproj"
  },
  {
    "Guid": "59AAAFE1-198C-4BB4-9538-072F8A5DC9DF",
    "Path": "\WpfApplicationCS\WpfApplicationCS.csproj"
  },
  {
    "Guid": "A091F9A6-5AC1-4EFB-86B0-9A5EAA8C4A20",
    "Path": "\WindowsFormsApplicationCS\WindowsFormsApplicationCS.csproj"
  },
  {
    "Guid": "11A80128-D9CA-4D63-8525-43854CFBD9DB",
    "Path": "\WindowsFormsApplicationVB\WindowsFormsApplicationVB.vbproj"
  },
  {
    "Guid": "660A14D1-72D0-4A9D-A51B-D0BC338E7688",
    "Path": "\WebApplicationVB\WebApplicationVB.vbproj"
  },
  {
    "Guid": "F8D988CE-ED35-4703-958A-F7771E4AF722",
    "Path": "\WebApplicationCS\WebApplicationCS.csproj"
  },
  {
    "Guid": "915CBC1C-4F15-4293-B0C4-787CE4E82787",
    "Path": "\ClassLibraryFS\ClassLibraryFS.fsproj"
  },
  {
    "Guid": "C188FCEA-C469-4B03-B39E-DC092370F0EC",
    "Path": "\AzureCloudService\AzureCloudService.ccproj"
  }
]